// Jest Snapshot v1, https://goo.gl/fbAQLP

exports[`Loading component should render snapshot with default values 1`] = `
<div
  className="new-auction box-shadow-hover"
>
  <div
    className="icon-container"
  >
    <FontAwesomeIcon
      border={false}
      className=""
      fixedWidth={false}
      flip={null}
      icon={
        Object {
          "icon": Array [
            448,
            512,
            Array [],
            "f067",
            "M416 208H272V64c0-17.67-14.33-32-32-32h-32c-17.67 0-32 14.33-32 32v144H32c-17.67 0-32 14.33-32 32v32c0 17.67 14.33 32 32 32h144v144c0 17.67 14.33 32 32 32h32c17.67 0 32-14.33 32-32V304h144c17.67 0 32-14.33 32-32v-32c0-17.67-14.33-32-32-32z",
          ],
          "iconName": "plus",
          "prefix": "fas",
        }
      }
      inverse={false}
      listItem={false}
      mask={null}
      pull={null}
      pulse={false}
      rotation={null}
      size={null}
      spin={false}
      symbol={false}
      title=""
      transform={null}
    />
  </div>
  <form
    onSubmit={[Function]}
  >
    <input
      maxLength={50}
      minLength={1}
      name="title"
      onChange={[Function]}
      placeholder="Title"
      required={true}
      type="string"
      value=""
    />
    <input
      max="10000000"
      min="5"
      name="startingBid"
      onChange={[Function]}
      placeholder="Price"
      step="1"
      type="number"
      value={5}
    />
    <_default
      text="New Auction"
      type="primary"
    />
  </form>
</div>
`;
